Random agent sanity check: True True
Policy network sanity check: True
