[ 0.269  0.731]
[ 0.731  0.269]
[ 0.5  0.5]
[ 0.269  0.731]
[ 0.731  0.269]
[ 1.764  0.4  ]
[ 1.764  0.4  ]
[ 1.764  0.4  ]
[ 1.624 -0.612]
[ 1.624 -0.612]
[ 1.624 -0.612]
