Random choice sanity check: True True
Neural net sanity check: True True
