[ 0.269  0.731]
[ 0.731  0.269]
[ 0.5  0.5]
[ 0.269  0.731]
[ 0.731  0.269]
[ 0.269  0.731]
[ 0.731  0.269]
[ 0.5  0.5]
[ 0.269  0.731]
[ 0.731  0.269]
